{
  "annotations": {
    "readOnlyHint": true,
    "title": "Get workflow run logs"
  },
  "description": "Download logs for a specific workflow run (EXPENSIVE: downloads ALL logs as ZIP. Consider using get_job_logs with failed_only=true for debugging failed jobs)",
  "inputSchema": {
    "properties": {
      "owner": {
        "description": "Repository owner",
        "type": "string"
      },
      "repo": {
        "description": "Repository name",
        "type": "string"
      },
      "run_id": {
        "description": "The unique identifier of the workflow run",
        "type": "number"
      }
    },
    "required": [
      "owner",
      "repo",
      "run_id"
    ],
    "type": "object"
  },
  "name": "get_workflow_run_logs"
}