{
  "annotations": {
    "readOnlyHint": true,
    "title": "Get discussion comments"
  },
  "description": "Get comments from a discussion",
  "inputSchema": {
    "properties": {
      "after": {
        "description": "Cursor for pagination. Use the endCursor from the previous page's PageInfo for GraphQL APIs.",
        "type": "string"
      },
      "discussionNumber": {
        "description": "Discussion Number",
        "type": "number"
      },
      "owner": {
        "description": "Repository owner",
        "type": "string"
      },
      "perPage": {
        "description": "Results per page for pagination (min 1, max 100)",
        "maximum": 100,
        "minimum": 1,
        "type": "number"
      },
      "repo": {
        "description": "Repository name",
        "type": "string"
      }
    },
    "required": [
      "owner",
      "repo",
      "discussionNumber"
    ],
    "type": "object"
  },
  "name": "get_discussion_comments"
}