{
  "annotations": {
    "destructiveHint": true,
    "title": "Modify GitHub Project items"
  },
  "description": "Add, update, or delete project items in a GitHub Project.",
  "inputSchema": {
    "properties": {
      "issue_number": {
        "description": "The issue number (use when item_type is 'issue' for 'add_project_item' method). Provide either issue_number or pull_request_number.",
        "type": "number"
      },
      "item_id": {
        "description": "The project item ID. Required for 'update_project_item' and 'delete_project_item' methods.",
        "type": "number"
      },
      "item_owner": {
        "description": "The owner (user or organization) of the repository containing the issue or pull request. Required for 'add_project_item' method.",
        "type": "string"
      },
      "item_repo": {
        "description": "The name of the repository containing the issue or pull request. Required for 'add_project_item' method.",
        "type": "string"
      },
      "item_type": {
        "description": "The item's type, either issue or pull_request. Required for 'add_project_item' method.",
        "enum": [
          "issue",
          "pull_request"
        ],
        "type": "string"
      },
      "method": {
        "description": "The method to execute",
        "enum": [
          "add_project_item",
          "update_project_item",
          "delete_project_item"
        ],
        "type": "string"
      },
      "owner": {
        "description": "The project owner (user or organization login). The name is not case sensitive.",
        "type": "string"
      },
      "owner_type": {
        "description": "Owner type (user or org). If not provided, will be automatically detected.",
        "enum": [
          "user",
          "org"
        ],
        "type": "string"
      },
      "project_number": {
        "description": "The project's number.",
        "type": "number"
      },
      "pull_request_number": {
        "description": "The pull request number (use when item_type is 'pull_request' for 'add_project_item' method). Provide either issue_number or pull_request_number.",
        "type": "number"
      },
      "updated_field": {
        "description": "Object consisting of the ID of the project field to update and the new value for the field. To clear the field, set value to null. Example: {\"id\": 123456, \"value\": \"New Value\"}. Required for 'update_project_item' method.",
        "type": "object"
      }
    },
    "required": [
      "method",
      "owner",
      "project_number"
    ],
    "type": "object"
  },
  "name": "projects_write"
}