// Vitest Snapshot v1, https://vitest.dev/guide/snapshot.html

exports[`Notion OpenAPI spec -> MCP tools (snapshot) > generates a stable set of tool names 1`] = `
[
  "create-a-comment",
  "create-a-data-source",
  "delete-a-block",
  "get-block-children",
  "get-self",
  "get-user",
  "get-users",
  "list-data-source-templates",
  "move-page",
  "patch-block-children",
  "patch-page",
  "post-page",
  "post-search",
  "query-data-source",
  "retrieve-a-block",
  "retrieve-a-comment",
  "retrieve-a-data-source",
  "retrieve-a-database",
  "retrieve-a-page",
  "retrieve-a-page-property",
  "retrieve-page-markdown",
  "update-a-block",
  "update-a-data-source",
  "update-page-markdown",
]
`;

exports[`Notion OpenAPI spec -> MCP tools (snapshot) > generates stable tool definitions (name, method, description, params) 1`] = `
[
  {
    "description": "Notion | Create comment
Error Responses:
400: Bad request",
    "httpMethod": "post",
    "name": "create-a-comment",
    "properties": [
      "parent",
      "rich_text",
    ],
    "required": [
      "parent",
      "rich_text",
    ],
  },
  {
    "description": "Notion | Create a data source
Error Responses:
400: Bad request",
    "httpMethod": "post",
    "name": "create-a-data-source",
    "properties": [
      "parent",
      "properties",
      "title",
    ],
    "required": [
      "parent",
      "properties",
    ],
  },
  {
    "description": "Notion | Delete a block
Error Responses:
400: Bad request",
    "httpMethod": "delete",
    "name": "delete-a-block",
    "properties": [
      "block_id",
    ],
    "required": [
      "block_id",
    ],
  },
  {
    "description": "Notion | Retrieve block children
Error Responses:
400: Bad request",
    "httpMethod": "get",
    "name": "get-block-children",
    "properties": [
      "block_id",
      "page_size",
      "start_cursor",
    ],
    "required": [
      "block_id",
    ],
  },
  {
    "description": "Notion | Retrieve your token's bot user
Error Responses:
400: Bad request",
    "httpMethod": "get",
    "name": "get-self",
    "properties": [],
    "required": [],
  },
  {
    "description": "Notion | Retrieve a user
Error Responses:
400: 400",
    "httpMethod": "get",
    "name": "get-user",
    "properties": [
      "user_id",
    ],
    "required": [
      "user_id",
    ],
  },
  {
    "description": "Notion | List all users
Error Responses:
400: 400",
    "httpMethod": "get",
    "name": "get-users",
    "properties": [
      "page_size",
      "start_cursor",
    ],
    "required": [],
  },
  {
    "description": "Notion | List templates in a data source
Error Responses:
400: Bad request",
    "httpMethod": "get",
    "name": "list-data-source-templates",
    "properties": [
      "data_source_id",
      "page_size",
      "start_cursor",
    ],
    "required": [
      "data_source_id",
    ],
  },
  {
    "description": "Notion | Move a page
Error Responses:
400: Bad request",
    "httpMethod": "post",
    "name": "move-page",
    "properties": [
      "page_id",
      "parent",
    ],
    "required": [
      "page_id",
      "parent",
    ],
  },
  {
    "description": "Notion | Append block children
Error Responses:
400: Bad request",
    "httpMethod": "patch",
    "name": "patch-block-children",
    "properties": [
      "after",
      "block_id",
      "children",
    ],
    "required": [
      "block_id",
      "children",
    ],
  },
  {
    "description": "Notion | Update page properties
Error Responses:
400: Bad request",
    "httpMethod": "patch",
    "name": "patch-page",
    "properties": [
      "archived",
      "cover",
      "icon",
      "in_trash",
      "page_id",
      "properties",
    ],
    "required": [
      "page_id",
    ],
  },
  {
    "description": "Notion | Create a page
Error Responses:
400: Bad request",
    "httpMethod": "post",
    "name": "post-page",
    "properties": [
      "children",
      "cover",
      "icon",
      "parent",
      "properties",
    ],
    "required": [
      "parent",
      "properties",
    ],
  },
  {
    "description": "Notion | Search by title
Error Responses:
400: Bad request",
    "httpMethod": "post",
    "name": "post-search",
    "properties": [
      "filter",
      "page_size",
      "query",
      "sort",
      "start_cursor",
    ],
    "required": [],
  },
  {
    "description": "Notion | Query a data source
Error Responses:
400: Bad request",
    "httpMethod": "post",
    "name": "query-data-source",
    "properties": [
      "archived",
      "data_source_id",
      "filter",
      "filter_properties",
      "in_trash",
      "page_size",
      "sorts",
      "start_cursor",
    ],
    "required": [
      "data_source_id",
    ],
  },
  {
    "description": "Notion | Retrieve a block
Error Responses:
400: Bad request",
    "httpMethod": "get",
    "name": "retrieve-a-block",
    "properties": [
      "block_id",
    ],
    "required": [
      "block_id",
    ],
  },
  {
    "description": "Notion | Retrieve comments
Error Responses:
400: Bad request",
    "httpMethod": "get",
    "name": "retrieve-a-comment",
    "properties": [
      "block_id",
      "page_size",
      "start_cursor",
    ],
    "required": [
      "block_id",
    ],
  },
  {
    "description": "Notion | Retrieve a data source
Error Responses:
400: Bad request",
    "httpMethod": "get",
    "name": "retrieve-a-data-source",
    "properties": [
      "data_source_id",
    ],
    "required": [
      "data_source_id",
    ],
  },
  {
    "description": "Notion | Retrieve a database
Error Responses:
400: Bad request",
    "httpMethod": "get",
    "name": "retrieve-a-database",
    "properties": [
      "database_id",
    ],
    "required": [
      "database_id",
    ],
  },
  {
    "description": "Notion | Retrieve a page
Error Responses:
400: Bad request",
    "httpMethod": "get",
    "name": "retrieve-a-page",
    "properties": [
      "filter_properties",
      "page_id",
    ],
    "required": [
      "page_id",
    ],
  },
  {
    "description": "Notion | Retrieve a page property item
Error Responses:
400: Bad request",
    "httpMethod": "get",
    "name": "retrieve-a-page-property",
    "properties": [
      "page_id",
      "page_size",
      "property_id",
      "start_cursor",
    ],
    "required": [
      "page_id",
      "property_id",
    ],
  },
  {
    "description": "Notion | Retrieve a page as Markdown
Error Responses:
400: Bad request
403: The integration lacks the read/update content capability required for this page.
404: Page not found or not shared with the integration.
429: Rate limited.",
    "httpMethod": "get",
    "name": "retrieve-page-markdown",
    "properties": [
      "include_transcript",
      "page_id",
    ],
    "required": [
      "page_id",
    ],
  },
  {
    "description": "Notion | Update a block
Error Responses:
400: Bad request",
    "httpMethod": "patch",
    "name": "update-a-block",
    "properties": [
      "archived",
      "block_id",
      "type",
    ],
    "required": [
      "block_id",
    ],
  },
  {
    "description": "Notion | Update a data source
Error Responses:
400: Bad request",
    "httpMethod": "patch",
    "name": "update-a-data-source",
    "properties": [
      "data_source_id",
      "description",
      "properties",
      "title",
    ],
    "required": [
      "data_source_id",
    ],
  },
  {
    "description": "Notion | Update a page's content as Markdown
Error Responses:
400: Bad request
403: The integration lacks the read/update content capability required for this page.
404: Page not found or not shared with the integration.
409: Conflict (e.g. row limit exceeded).
429: Rate limited.",
    "httpMethod": "patch",
    "name": "update-page-markdown",
    "properties": [
      "insert_content",
      "page_id",
      "replace_content",
      "replace_content_range",
      "type",
      "update_content",
    ],
    "required": [
      "page_id",
      "type",
    ],
  },
]
`;
