{
  "version": "1.5.0",
  "plugins_used": [
    {
      "name": "ArtifactoryDetector"
    },
    {
      "name": "AWSKeyDetector"
    },
    {
      "name": "AzureStorageKeyDetector"
    },
    {
      "name": "Base64HighEntropyString",
      "limit": 4.5
    },
    {
      "name": "BasicAuthDetector"
    },
    {
      "name": "CloudantDetector"
    },
    {
      "name": "DiscordBotTokenDetector"
    },
    {
      "name": "GitHubTokenDetector"
    },
    {
      "name": "GitLabTokenDetector"
    },
    {
      "name": "HexHighEntropyString",
      "limit": 3.0
    },
    {
      "name": "IbmCloudIamDetector"
    },
    {
      "name": "IbmCosHmacDetector"
    },
    {
      "name": "IPPublicDetector"
    },
    {
      "name": "JwtTokenDetector"
    },
    {
      "name": "KeywordDetector",
      "keyword_exclude": ""
    },
    {
      "name": "MailchimpDetector"
    },
    {
      "name": "NpmDetector"
    },
    {
      "name": "OpenAIDetector"
    },
    {
      "name": "PrivateKeyDetector"
    },
    {
      "name": "PypiTokenDetector"
    },
    {
      "name": "SendGridDetector"
    },
    {
      "name": "SlackDetector"
    },
    {
      "name": "SoftlayerDetector"
    },
    {
      "name": "SquareOAuthDetector"
    },
    {
      "name": "StripeDetector"
    },
    {
      "name": "TelegramBotTokenDetector"
    },
    {
      "name": "TwilioKeyDetector"
    }
  ],
  "filters_used": [
    {
      "path": "detect_secrets.filters.allowlist.is_line_allowlisted"
    },
    {
      "path": "detect_secrets.filters.common.is_baseline_file",
      "filename": ".secrets.baseline"
    },
    {
      "path": "detect_secrets.filters.common.is_ignored_due_to_verification_policies",
      "min_level": 2
    },
    {
      "path": "detect_secrets.filters.heuristic.is_indirect_reference"
    },
    {
      "path": "detect_secrets.filters.heuristic.is_likely_id_string"
    },
    {
      "path": "detect_secrets.filters.heuristic.is_lock_file"
    },
    {
      "path": "detect_secrets.filters.heuristic.is_not_alphanumeric_string"
    },
    {
      "path": "detect_secrets.filters.heuristic.is_potential_uuid"
    },
    {
      "path": "detect_secrets.filters.heuristic.is_prefixed_with_dollar_sign"
    },
    {
      "path": "detect_secrets.filters.heuristic.is_sequential_string"
    },
    {
      "path": "detect_secrets.filters.heuristic.is_swagger_file"
    },
    {
      "path": "detect_secrets.filters.heuristic.is_templated_secret"
    },
    {
      "path": "detect_secrets.filters.regex.should_exclude_secret",
      "pattern": [
        "YOUR_API_KEY"
      ]
    }
  ],
  "results": {
    "libs/giskard-llm/tests/functional/test_completion.py": [
      {
        "type": "Secret Keyword",
        "filename": "libs/giskard-llm/tests/functional/test_completion.py",
        "hashed_secret": "07db03b4eef371b55ee656a334d69857b58a09da",
        "is_verified": false,
        "line_number": 40
      },
      {
        "type": "Secret Keyword",
        "filename": "libs/giskard-llm/tests/functional/test_completion.py",
        "hashed_secret": "524c52610a96a0f6269462ce03538dd8ad289e31",
        "is_verified": false,
        "line_number": 41
      },
      {
        "type": "Secret Keyword",
        "filename": "libs/giskard-llm/tests/functional/test_completion.py",
        "hashed_secret": "362f2ca8636c6167b20713f5bcd632d2b20699d7",
        "is_verified": false,
        "line_number": 43
      },
      {
        "type": "Secret Keyword",
        "filename": "libs/giskard-llm/tests/functional/test_completion.py",
        "hashed_secret": "eddc802c5ff31750a118d7f886f24a8de4e4b3a1",
        "is_verified": false,
        "line_number": 46
      },
      {
        "type": "Secret Keyword",
        "filename": "libs/giskard-llm/tests/functional/test_completion.py",
        "hashed_secret": "500be6480abf7c8b9d43eb79609281750f675872",
        "is_verified": false,
        "line_number": 52
      }
    ],
    "libs/giskard-llm/tests/functional/test_embedding.py": [
      {
        "type": "Secret Keyword",
        "filename": "libs/giskard-llm/tests/functional/test_embedding.py",
        "hashed_secret": "07db03b4eef371b55ee656a334d69857b58a09da",
        "is_verified": false,
        "line_number": 29
      },
      {
        "type": "Secret Keyword",
        "filename": "libs/giskard-llm/tests/functional/test_embedding.py",
        "hashed_secret": "524c52610a96a0f6269462ce03538dd8ad289e31",
        "is_verified": false,
        "line_number": 30
      },
      {
        "type": "Secret Keyword",
        "filename": "libs/giskard-llm/tests/functional/test_embedding.py",
        "hashed_secret": "eddc802c5ff31750a118d7f886f24a8de4e4b3a1",
        "is_verified": false,
        "line_number": 33
      },
      {
        "type": "Secret Keyword",
        "filename": "libs/giskard-llm/tests/functional/test_embedding.py",
        "hashed_secret": "500be6480abf7c8b9d43eb79609281750f675872",
        "is_verified": false,
        "line_number": 39
      }
    ],
    "libs/giskard-llm/tests/functional/test_response.py": [
      {
        "type": "Secret Keyword",
        "filename": "libs/giskard-llm/tests/functional/test_response.py",
        "hashed_secret": "07db03b4eef371b55ee656a334d69857b58a09da",
        "is_verified": false,
        "line_number": 29
      },
      {
        "type": "Secret Keyword",
        "filename": "libs/giskard-llm/tests/functional/test_response.py",
        "hashed_secret": "524c52610a96a0f6269462ce03538dd8ad289e31",
        "is_verified": false,
        "line_number": 30
      }
    ],
    "libs/giskard-llm/tests/test_errors.py": [
      {
        "type": "Secret Keyword",
        "filename": "libs/giskard-llm/tests/test_errors.py",
        "hashed_secret": "829c3804401b0727f70f73d4415e162400cbe57b",
        "is_verified": false,
        "line_number": 45
      }
    ],
    "libs/giskard-llm/tests/test_routing.py": [
      {
        "type": "Secret Keyword",
        "filename": "libs/giskard-llm/tests/test_routing.py",
        "hashed_secret": "e9a5f12a8ecbb3eb46eca5096b5c52aa5e7c9fdd",
        "is_verified": false,
        "line_number": 107
      },
      {
        "type": "Secret Keyword",
        "filename": "libs/giskard-llm/tests/test_routing.py",
        "hashed_secret": "76ce15edd5a8548603b6fd281d185f323234758f",
        "is_verified": false,
        "line_number": 123
      },
      {
        "type": "Secret Keyword",
        "filename": "libs/giskard-llm/tests/test_routing.py",
        "hashed_secret": "bb945502199911c2ea49f3d4250714dd080e68d6",
        "is_verified": false,
        "line_number": 124
      },
      {
        "type": "Secret Keyword",
        "filename": "libs/giskard-llm/tests/test_routing.py",
        "hashed_secret": "8bcbd7b1f87f6584d4189867d8a2071bfaedbcc3",
        "is_verified": false,
        "line_number": 135
      },
      {
        "type": "Secret Keyword",
        "filename": "libs/giskard-llm/tests/test_routing.py",
        "hashed_secret": "62836f14b86ed93da229b6b30b1556f322459d0f",
        "is_verified": false,
        "line_number": 144
      },
      {
        "type": "Secret Keyword",
        "filename": "libs/giskard-llm/tests/test_routing.py",
        "hashed_secret": "70efd783fafb3bceea5b19c2354b793431690f7e",
        "is_verified": false,
        "line_number": 152
      },
      {
        "type": "Secret Keyword",
        "filename": "libs/giskard-llm/tests/test_routing.py",
        "hashed_secret": "77daed1d13aca9281aabe96a20b0d3e93736368d",
        "is_verified": false,
        "line_number": 155
      },
      {
        "type": "Secret Keyword",
        "filename": "libs/giskard-llm/tests/test_routing.py",
        "hashed_secret": "fe72967536aedcae9b1b1e4eaf2c53494e17a638",
        "is_verified": false,
        "line_number": 171
      },
      {
        "type": "Secret Keyword",
        "filename": "libs/giskard-llm/tests/test_routing.py",
        "hashed_secret": "c22e4752b05214b335c36fcaaf4c4d63becdaa9e",
        "is_verified": false,
        "line_number": 195
      }
    ]
  },
  "generated_at": "2026-05-22T08:27:18Z"
}
